// Jest Snapshot v1, https://goo.gl/fbAQLP

exports[`BasketStatusIcon renders correctly 1`] = `
<View
  accessible={true}
  isTVSelectable={true}
  onResponderGrant={[Function]}
  onResponderMove={[Function]}
  onResponderRelease={[Function]}
  onResponderTerminate={[Function]}
  onResponderTerminationRequest={[Function]}
  onStartShouldSetResponder={[Function]}
  style={null}
>
  <View
    flexDirection="row"
    style={Object {}}
  >
    <Text />
  </View>
</View>
`;
