// Jest Snapshot v1, https://goo.gl/fbAQLP

exports[`BasketListItem renders correctly 1`] = `
<View
  style={
    Object {
      "backgroundColor": "#fff",
      "borderBottomColor": "#f5f5f5",
      "borderBottomWidth": 1,
      "borderTopColor": "#f5f5f5",
      "borderTopWidth": 1,
      "flex": 1,
      "flexDirection": "row",
    }
  }
>
  <View
    style={
      Object {
        "alignItems": "center",
        "backgroundColor": "#f5f5f5",
        "borderColor": "#eee",
        "borderWidth": 1,
        "flex": 1,
        "flexDirection": "column",
        "justifyContent": "center",
      }
    }
  >
    <View
      style={
        Object {
          "height": 100,
          "paddingBottom": 4,
          "paddingTop": 4,
        }
      }
    >
      <View
        style={
          Object {
            "alignItems": "center",
            "flex": 1,
            "flexDirection": "column",
            "justifyContent": "space-between",
          }
        }
      >
        <View
          accessible={true}
          isTVSelectable={true}
          onResponderGrant={[Function]}
          onResponderMove={[Function]}
          onResponderRelease={[Function]}
          onResponderTerminate={[Function]}
          onResponderTerminationRequest={[Function]}
          onStartShouldSetResponder={[Function]}
          style={
            Object {
              "alignItems": "center",
              "opacity": 1,
              "width": 32,
            }
          }
        >
          <Text />
        </View>
        <Text
          style={
            Object {
              "color": "green",
              "fontSize": 20,
              "fontWeight": "bold",
            }
          }
        >
          0
        </Text>
        <View
          accessible={true}
          isTVSelectable={true}
          onResponderGrant={[Function]}
          onResponderMove={[Function]}
          onResponderRelease={[Function]}
          onResponderTerminate={[Function]}
          onResponderTerminationRequest={[Function]}
          onStartShouldSetResponder={[Function]}
          style={
            Object {
              "alignItems": "center",
              "opacity": 1,
              "width": 32,
            }
          }
        >
          <Text />
        </View>
      </View>
    </View>
  </View>
  <View
    style={
      Object {
        "flex": 6,
        "flexDirection": "column",
      }
    }
  >
    <View
      style={
        Object {
          "flex": 1,
          "flexDirection": "row",
        }
      }
    >
      <View
        style={
          Object {
            "flex": 1,
            "flexDirection": "column",
          }
        }
      >
        <View
          style={
            Object {
              "alignItems": "center",
              "flex": 1,
              "flexDirection": "column",
              "justifyContent": "center",
              "padding": 5,
            }
          }
        >
          <Image
            source={1}
            style={
              Array [
                Object {
                  "borderColor": "#eee",
                  "borderWidth": 2,
                },
                Object {
                  "height": "100%",
                  "width": "100%",
                },
              ]
            }
          />
        </View>
      </View>
      <View
        style={
          Object {
            "flex": 3,
            "flexDirection": "column",
            "padding": 10,
          }
        }
      />
    </View>
  </View>
</View>
`;
