// Jest Snapshot v1, https://goo.gl/fbAQLP

exports[`ProductListSwipeContent renders correctly 1`] = `
<View
  style={
    Object {
      "alignItems": "flex-end",
      "backgroundColor": "#e78f8e",
      "flex": 1,
      "flexDirection": "column",
      "justifyContent": "flex-start",
    }
  }
>
  <View
    style={
      Object {
        "alignItems": "center",
        "flex": 1,
        "flexDirection": "row",
      }
    }
  />
</View>
`;
